logs/657143bb-ea37-456d-b412-041c6d71cbdd.txt
val_bpb:enabled tokenizer_kind=sentencepiece tokenizer_path=./data/tokenizers/fineweb_1024_bpe.model
train_loader:dataset:fineweb10B_sp1024 train_shards:46
val_loader:shards pattern=./data/datasets/fineweb10B_sp1024/fineweb_val_000000.bin tokens:1048576
model_params:17059912
world_size:1 grad_accum_steps:8
sdp_backends:cudnn=False flash=True mem_efficient=False math=False
attention_mode:gqa num_heads:8 num_kv_heads:4
tie_embeddings:True embed_lr:0.04 head_lr:0.0 matrix_lr:0.04 scalar_lr:0.035
train_batch_tokens:32768 train_seq_len:128 iterations:300 warmup_steps:0 max_wallclock_seconds:600.000
seed:1337
step:1/300 train_loss:6.9374 train_time:10986ms step_avg:10986.19ms
step:2/300 train_loss:14.8235 train_time:11311ms step_avg:5655.54ms
step:3/300 train_loss:14.3973 train_time:11640ms step_avg:3879.89ms
step:4/300 train_loss:13.3752 train_time:11968ms step_avg:2991.89ms
step:5/300 train_loss:11.4589 train_time:12297ms step_avg:2459.33ms
step:6/300 train_loss:9.5178 train_time:12626ms step_avg:2104.29ms
step:7/300 train_loss:7.5193 train_time:12954ms step_avg:1850.51ms
step:8/300 train_loss:6.2347 train_time:13290ms step_avg:1661.27ms
step:9/300 train_loss:5.9087 train_time:13626ms step_avg:1514.05ms
step:10/300 train_loss:5.8755 train_time:13963ms step_avg:1396.30ms
step:20/300 train_loss:5.6532 train_time:17320ms step_avg:866.02ms
step:30/300 train_loss:4.7985 train_time:20679ms step_avg:689.31ms
step:40/300 train_loss:4.4470 train_time:24040ms step_avg:600.99ms
step:50/300 train_loss:4.3907 train_time:27393ms step_avg:547.87ms
step:60/300 train_loss:4.2392 train_time:30819ms step_avg:513.65ms
step:70/300 train_loss:3.9660 train_time:34089ms step_avg:486.98ms
step:80/300 train_loss:3.7549 train_time:37356ms step_avg:466.94ms
step:90/300 train_loss:3.9942 train_time:40623ms step_avg:451.36ms
step:100/300 train_loss:3.8217 train_time:43891ms step_avg:438.91ms
step:110/300 train_loss:3.6294 train_time:47161ms step_avg:428.74ms
step:120/300 train_loss:3.7200 train_time:50491ms step_avg:420.76ms
step:130/300 train_loss:3.5444 train_time:53759ms step_avg:413.53ms
step:140/300 train_loss:3.5516 train_time:57027ms step_avg:407.34ms
step:150/300 train_loss:3.4927 train_time:60295ms step_avg:401.96ms
step:160/300 train_loss:3.6221 train_time:63565ms step_avg:397.28ms
